2026-07-01 10:48:58 | INFO    | [系統啟動] 工作管理系統後端啟動 host=127.0.0.1 port=5000
2026-07-01 10:49:07 | INFO    | [權限查詢] 帳號=K18251 is_admin=True 管轄=['FT01營運(資)', 'FT01_資']
2026-07-01 10:49:07 | INFO    | [管理員清單] 帳號=K18251 管轄=['FT01營運(資)', 'FT01_資'] 回傳 62 筆
2026-07-01 10:49:24 | INFO    | [登入] 帳號=K22920 密碼=22
2026-07-01 10:49:24 | INFO    | [權限查詢] 帳號=K22920 is_admin=False 管轄=[]
2026-07-01 10:49:26 | INFO    | [權限查詢] 帳號=K22920 is_admin=False 管轄=[]
2026-07-01 10:49:28 | INFO    | [權限查詢] 帳號=K22920 is_admin=False 管轄=[]
2026-07-01 10:49:34 | INFO    | [更新任務] 帳號=K22920 id=a37a3bf3-f7f5-4840-b1b5-5c54f7124ddc 變更欄位=['狀態', 'Done_Day'] 內容={'狀態': 'Done', 'Done_Day': '2026-07-01'}
2026-07-01 10:49:34 | INFO    | [Mail] 組織=FT01營運(資) key=FT01_資 管理員帳號=['K18251', 'F9358'] emails=['RuiYing_Chan@aseglobal.com', 'Boyu_Chiu@aseglobal.com']
2026-07-01 10:49:34 | INFO    | [Mail] ✅ 寄信成功 | 主旨=【工作管理系統】任務更新通知 — 修改建廠進度網頁 | 收件人=['JieSyuan_Chiang@aseglobal.com', 'Boyu_Chiu@aseglobal.com', 'RuiYing_Chan@aseglobal.com']
2026-07-01 10:49:35 | INFO    | [權限查詢] 帳號=K22920 is_admin=False 管轄=[]
2026-07-01 10:49:38 | INFO    | [權限查詢] 帳號=K22920 is_admin=False 管轄=[]
2026-07-01 10:49:41 | INFO    | [登入] 帳號=K18251 密碼=11
2026-07-01 10:49:41 | INFO    | [權限查詢] 帳號=K18251 is_admin=True 管轄=['FT01營運(資)', 'FT01_資']
2026-07-01 10:49:44 | INFO    | [權限查詢] 帳號=K18251 is_admin=True 管轄=['FT01營運(資)', 'FT01_資']
2026-07-01 10:49:44 | INFO    | [管理員清單] 帳號=K18251 管轄=['FT01營運(資)', 'FT01_資'] 回傳 62 筆
2026-07-01 11:04:30 | INFO    | [權限查詢] 帳號=K18251 is_admin=True 管轄=['FT01營運(資)', 'FT01_資']
2026-07-01 11:04:31 | INFO    | [管理員清單] 帳號=K18251 管轄=['FT01營運(資)', 'FT01_資'] 回傳 62 筆
2026-07-01 11:04:46 | INFO    | [權限查詢] 帳號=K18251 is_admin=True 管轄=['FT01營運(資)', 'FT01_資']
2026-07-01 11:04:49 | INFO    | [權限查詢] 帳號=K18251 is_admin=True 管轄=['FT01營運(資)', 'FT01_資']
2026-07-01 11:04:49 | INFO    | [管理員清單] 帳號=K18251 管轄=['FT01營運(資)', 'FT01_資'] 回傳 62 筆
2026-07-01 11:04:59 | INFO    | [權限查詢] 帳號=K18251 is_admin=True 管轄=['FT01營運(資)', 'FT01_資']
2026-07-01 11:05:27 | INFO    | [權限查詢] 帳號=K18251 is_admin=True 管轄=['FT01營運(資)', 'FT01_資']
2026-07-01 11:05:27 | INFO    | [管理員清單] 帳號=K18251 管轄=['FT01營運(資)', 'FT01_資'] 回傳 62 筆
2026-07-01 11:09:54 | INFO    | [權限查詢] 帳號=K18251 is_admin=True 管轄=['FT01營運(資)', 'FT01_資']
2026-07-01 11:09:54 | INFO    | [管理員清單] 帳號=K18251 管轄=['FT01營運(資)', 'FT01_資'] 回傳 62 筆
2026-07-01 11:15:49 | INFO    | [權限查詢] 帳號=K18251 is_admin=True 管轄=['FT01營運(資)', 'FT01_資']
2026-07-01 11:15:50 | INFO    | [管理員清單] 帳號=K18251 管轄=['FT01營運(資)', 'FT01_資'] 回傳 62 筆
2026-07-01 11:21:17 | INFO    | [權限查詢] 帳號=K18251 is_admin=True 管轄=['FT01營運(資)', 'FT01_資']
2026-07-01 11:21:17 | INFO    | [管理員清單] 帳號=K18251 管轄=['FT01營運(資)', 'FT01_資'] 回傳 62 筆
2026-07-01 11:21:54 | INFO    | [權限查詢] 帳號=K18251 is_admin=True 管轄=['FT01營運(資)', 'FT01_資']
2026-07-01 11:22:06 | INFO    | [權限查詢] 帳號=K18251 is_admin=True 管轄=['FT01營運(資)', 'FT01_資']
2026-07-01 11:22:06 | INFO    | [管理員清單] 帳號=K18251 管轄=['FT01營運(資)', 'FT01_資'] 回傳 62 筆
2026-07-01 11:23:35 | INFO    | [權限查詢] 帳號=K18251 is_admin=True 管轄=['FT01營運(資)', 'FT01_資']
2026-07-01 11:23:35 | INFO    | [管理員清單] 帳號=K18251 管轄=['FT01營運(資)', 'FT01_資'] 回傳 62 筆
2026-07-01 11:23:43 | INFO    | [權限查詢] 帳號=K18251 is_admin=True 管轄=['FT01營運(資)', 'FT01_資']
2026-07-01 11:23:46 | INFO    | [更新任務] 帳號=K18251 id=73e259ac-a08e-4c11-990f-aabc836b2926 變更欄位=['狀態', 'Done_Day'] 內容={'狀態': 'Done', 'Done_Day': '2026-07-01'}
2026-07-01 11:23:46 | INFO    | [Mail] 組織=FT01營運(資) key=FT01_資 管理員帳號=['K18251', 'F9358'] emails=['RuiYing_Chan@aseglobal.com', 'Boyu_Chiu@aseglobal.com']
2026-07-01 11:23:46 | INFO    | [Mail] ✅ 寄信成功 | 主旨=【工作管理系統】任務更新通知 — 建廠進度網頁修正 | 收件人=['JieSyuan_Chiang@aseglobal.com', 'Boyu_Chiu@aseglobal.com', 'RuiYing_Chan@aseglobal.com']
2026-07-01 11:23:47 | INFO    | [權限查詢] 帳號=K18251 is_admin=True 管轄=['FT01營運(資)', 'FT01_資']
2026-07-01 11:23:47 | INFO    | [管理員清單] 帳號=K18251 管轄=['FT01營運(資)', 'FT01_資'] 回傳 62 筆
2026-07-01 11:26:01 | INFO    | [權限查詢] 帳號=K18251 is_admin=True 管轄=['FT01營運(資)', 'FT01_資']
2026-07-01 11:26:07 | INFO    | [更新任務] 帳號=K18251 id=11cae925-7702-4050-9973-5c9cae98ea2c 變更欄位=['狀態', 'Done_Day'] 內容={'狀態': 'Done', 'Done_Day': '2026-06-24'}
2026-07-01 11:26:07 | INFO    | [Mail] 組織=FT01營運(資) key=FT01_資 管理員帳號=['K18251', 'F9358'] emails=['RuiYing_Chan@aseglobal.com', 'Boyu_Chiu@aseglobal.com']
2026-07-01 11:26:07 | INFO    | [Mail] ✅ 寄信成功 | 主旨=【工作管理系統】任務更新通知 — 繪製PHM網頁layout圖 | 收件人=['JieSyuan_Chiang@aseglobal.com', 'Boyu_Chiu@aseglobal.com', 'RuiYing_Chan@aseglobal.com']
2026-07-01 11:26:09 | INFO    | [權限查詢] 帳號=K18251 is_admin=True 管轄=['FT01營運(資)', 'FT01_資']
2026-07-01 11:26:09 | INFO    | [管理員清單] 帳號=K18251 管轄=['FT01營運(資)', 'FT01_資'] 回傳 62 筆
2026-07-01 14:04:03 | INFO    | [權限查詢] 帳號=K18251 is_admin=True 管轄=['FT01營運(資)', 'FT01_資']
2026-07-01 14:04:04 | INFO    | [管理員清單] 帳號=K18251 管轄=['FT01營運(資)', 'FT01_資'] 回傳 62 筆
2026-07-01 14:07:42 | INFO    | [權限查詢] 帳號=K18251 is_admin=True 管轄=['FT01營運(資)', 'FT01_資']
2026-07-01 14:07:42 | INFO    | [管理員清單] 帳號=K18251 管轄=['FT01營運(資)', 'FT01_資'] 回傳 62 筆
2026-07-01 14:09:48 | INFO    | [權限查詢] 帳號=K18251 is_admin=True 管轄=['FT01營運(資)', 'FT01_資']
2026-07-01 14:09:49 | INFO    | [管理員清單] 帳號=K18251 管轄=['FT01營運(資)', 'FT01_資'] 回傳 62 筆
2026-07-01 15:24:39 | INFO    | [系統啟動] 工作管理系統後端啟動 host=127.0.0.1 port=5000
2026-07-01 15:37:46 | INFO    | [權限查詢] 帳號=K18251 is_admin=True 管轄=['FT01營運(資)', 'FT01_資']
2026-07-01 15:37:48 | INFO    | [權限查詢] 帳號=K18251 is_admin=True 管轄=['FT01營運(資)', 'FT01_資']
2026-07-01 15:38:10 | INFO    | [新增進度] 任務id=26cc80e8-1111-4cef-96de-f20783682594 父節點=頂層 內容=2026/07/01: 第一版甘特圖。後續再改版
2026-07-01 15:38:12 | INFO    | [權限查詢] 帳號=K18251 is_admin=True 管轄=['FT01營運(資)', 'FT01_資']
2026-07-01 15:38:16 | INFO    | [權限查詢] 帳號=K18251 is_admin=True 管轄=['FT01營運(資)', 'FT01_資']
2026-07-01 15:38:20 | INFO    | [刪除節點] 任務id=25991d79-c561-422f-94dd-d86da77b1724 節點id=a3739ad1-cf98-41c6-b66c-d8b32f3768b6
2026-07-01 15:38:21 | INFO    | [刪除節點] 任務id=25991d79-c561-422f-94dd-d86da77b1724 節點id=a19ed924-1206-4e1a-9e7e-b9168e34da6c
2026-07-01 15:38:23 | INFO    | [刪除節點] 任務id=25991d79-c561-422f-94dd-d86da77b1724 節點id=a090dfe4-5b68-4760-a08b-6d36a89b9886
2026-07-01 15:38:24 | INFO    | [權限查詢] 帳號=K18251 is_admin=True 管轄=['FT01營運(資)', 'FT01_資']
2026-07-01 15:38:32 | INFO    | [權限查詢] 帳號=K18251 is_admin=True 管轄=['FT01營運(資)', 'FT01_資']
2026-07-01 15:38:38 | INFO    | [權限查詢] 帳號=K18251 is_admin=True 管轄=['FT01營運(資)', 'FT01_資']
2026-07-01 15:38:41 | INFO    | [權限查詢] 帳號=K18251 is_admin=True 管轄=['FT01營運(資)', 'FT01_資']
2026-07-01 15:38:44 | INFO    | [權限查詢] 帳號=K18251 is_admin=True 管轄=['FT01營運(資)', 'FT01_資']
2026-07-01 16:27:43 | INFO    | [權限查詢] 帳號=K18251 is_admin=True 管轄=['FT01營運(資)', 'FT01_資']
2026-07-01 16:27:43 | INFO    | [管理員清單] 帳號=K18251 管轄=['FT01營運(資)', 'FT01_資'] 回傳 62 筆
