2026-06-24 10:12:39 | INFO    | [系統啟動] 工作管理系統後端啟動 host=127.0.0.1 port=5000
2026-06-24 10:39:51 | INFO    | [系統啟動] 工作管理系統後端啟動 host=127.0.0.1 port=5000
2026-06-24 10:39:53 | INFO    | [權限查詢] 帳號=K18251 is_admin=True 管轄=['FT01營運(資)', 'FT01_資']
2026-06-24 10:39:56 | INFO    | [權限查詢] 帳號=K18251 is_admin=True 管轄=['FT01營運(資)', 'FT01_資']
2026-06-24 10:40:01 | INFO    | [更新任務] 帳號=K18251 id=cac0dfc6-0b94-42ba-b9db-0726fcf99598 變更欄位=['管理OWNER', '項目Due Date', '項目OWNER', '單項目Due Date', '項目描述', '案件分類', '組織類別', '棟別', '樓層', '站點', '狀態', '執行日期'] 內容={'管理OWNER': '', '項目Due Date': '', '項目OWNER': '', '單項目Due Date': '', '項目描述': '56565656', '案件分類': '日常(一般)', '組織類別': 'FT01營運(資)', '棟別': '96', '樓層': '56', '站點': '56', '狀態': 'On Going', '執行日期': '2026-06-22,2026-06-24,2026-07-11'}
2026-06-24 10:44:08 | INFO    | [系統啟動] 工作管理系統後端啟動 host=127.0.0.1 port=5000
2026-06-24 10:44:20 | INFO    | [系統啟動] 工作管理系統後端啟動 host=127.0.0.1 port=5000
2026-06-24 10:44:24 | INFO    | [更新任務] 帳號=K18251 id=cac0dfc6-0b94-42ba-b9db-0726fcf99598 變更欄位=['狀態'] 內容={'狀態': 'Pending'}
2026-06-24 10:45:20 | INFO    | [系統啟動] 工作管理系統後端啟動 host=127.0.0.1 port=5000
2026-06-24 10:45:22 | INFO    | [更新任務] 帳號=K18251 id=cac0dfc6-0b94-42ba-b9db-0726fcf99598 變更欄位=['狀態'] 內容={'狀態': 'On Going'}
2026-06-24 10:45:41 | INFO    | [權限查詢] 帳號=K18251 is_admin=True 管轄=['FT01營運(資)', 'FT01_資']
2026-06-24 10:45:43 | INFO    | [權限查詢] 帳號=K18251 is_admin=True 管轄=['FT01營運(資)', 'FT01_資']
2026-06-24 10:45:46 | INFO    | [更新任務] 帳號=K18251 id=cac0dfc6-0b94-42ba-b9db-0726fcf99598 變更欄位=['狀態'] 內容={'狀態': 'Pending'}
2026-06-24 10:55:24 | INFO    | [系統啟動] 工作管理系統後端啟動 host=127.0.0.1 port=5000
2026-06-24 10:55:27 | INFO    | [更新任務] 帳號=K18251 id=cac0dfc6-0b94-42ba-b9db-0726fcf99598 變更欄位=['狀態'] 內容={'狀態': 'On Going'}
2026-06-24 11:11:11 | INFO    | [系統啟動] 工作管理系統後端啟動 host=127.0.0.1 port=5000
2026-06-24 11:11:14 | INFO    | [權限查詢] 帳號=K18251 is_admin=True 管轄=['FT01營運(資)', 'FT01_資']
2026-06-24 11:11:15 | INFO    | [權限查詢] 帳號=K18251 is_admin=True 管轄=['FT01營運(資)', 'FT01_資']
2026-06-24 11:11:17 | INFO    | [權限查詢] 帳號=K18251 is_admin=True 管轄=['FT01營運(資)', 'FT01_資']
2026-06-24 11:11:21 | INFO    | [更新任務] 帳號=K18251 id=8dfbebf4-16c6-4212-acf5-c8cf40b305dc 變更欄位=['狀態'] 內容={'狀態': 'On Going'}
2026-06-24 11:11:21 | INFO    | [Mail] 組織=FT01營運(資) key=FT01_資 管理員帳號=['K18251', 'F9358'] emails=['RuiYing_Chan@aseglobal.com', 'Boyu_Chiu@aseglobal.com']
2026-06-24 11:11:41 | INFO    | [權限查詢] 帳號=K18251 is_admin=True 管轄=['FT01營運(資)', 'FT01_資']
2026-06-24 11:11:44 | INFO    | [權限查詢] 帳號=K18251 is_admin=True 管轄=['FT01營運(資)', 'FT01_資']
2026-06-24 11:11:46 | INFO    | [權限查詢] 帳號=K18251 is_admin=True 管轄=['FT01營運(資)', 'FT01_資']
2026-06-24 11:11:53 | INFO    | [權限查詢] 帳號=K18251 is_admin=True 管轄=['FT01營運(資)', 'FT01_資']
2026-06-24 11:11:59 | INFO    | [權限查詢] 帳號=K18251 is_admin=True 管轄=['FT01營運(資)', 'FT01_資']
2026-06-24 11:12:01 | INFO    | [更新任務] 帳號=K18251 id=1056cb0f-4e76-47d6-a7fb-484d3d3357b0 變更欄位=['狀態'] 內容={'狀態': 'Pending'}
2026-06-24 11:12:01 | INFO    | [Mail] 組織=FT01營運(資) key=FT01_資 管理員帳號=['K18251', 'F9358'] emails=['RuiYing_Chan@aseglobal.com', 'Boyu_Chiu@aseglobal.com']
2026-06-24 11:16:34 | INFO    | [系統啟動] 工作管理系統後端啟動 host=127.0.0.1 port=5000
2026-06-24 11:16:36 | INFO    | [權限查詢] 帳號=K18251 is_admin=True 管轄=['FT01營運(資)', 'FT01_資']
2026-06-24 11:16:40 | INFO    | [權限查詢] 帳號=K18251 is_admin=True 管轄=['FT01營運(資)', 'FT01_資']
2026-06-24 11:16:43 | INFO    | [更新任務] 帳號=K18251 id=3848c280-f1bf-4804-a758-e262132dbb9a 變更欄位=['狀態'] 內容={'狀態': 'Pending'}
2026-06-24 11:16:43 | INFO    | [Mail] 組織=FT01營運(資) key=FT01_資 管理員帳號=['K18251', 'F9358'] emails=['RuiYing_Chan@aseglobal.com', 'Boyu_Chiu@aseglobal.com']
2026-06-24 11:16:58 | INFO    | [系統啟動] 工作管理系統後端啟動 host=127.0.0.1 port=5000
2026-06-24 11:17:02 | INFO    | [更新任務] 帳號=K18251 id=3848c280-f1bf-4804-a758-e262132dbb9a 變更欄位=['狀態'] 內容={'狀態': 'On Going'}
2026-06-24 11:17:02 | INFO    | [Mail] 組織=FT01營運(資) key=FT01_資 管理員帳號=['K18251', 'F9358'] emails=['RuiYing_Chan@aseglobal.com', 'Boyu_Chiu@aseglobal.com']
2026-06-24 11:17:02 | INFO    | [Mail] ✅ 寄信成功 | 主旨=【工作管理系統】任務更新通知 — ASEF1-2900-A63E新增單機雙打作業模式 | 收件人=['JieSyuan_Chiang@aseglobal.com', 'Boyu_Chiu@aseglobal.com', 'RuiYing_Chan@aseglobal.com']
2026-06-24 11:21:50 | INFO    | [權限查詢] 帳號=K18251 is_admin=True 管轄=['FT01營運(資)', 'FT01_資']
2026-06-24 11:21:51 | INFO    | [權限查詢] 帳號=K18251 is_admin=True 管轄=['FT01營運(資)', 'FT01_資']
2026-06-24 11:21:52 | INFO    | [權限查詢] 帳號=K18251 is_admin=True 管轄=['FT01營運(資)', 'FT01_資']
2026-06-24 11:22:00 | INFO    | [新增任務] id=9182052c-8ef9-4526-9780-236dfd5fa879 提案人=詹睿穎 組織=FT01營運(資) 描述=+6++6
2026-06-24 11:22:06 | INFO    | [權限查詢] 帳號=K18251 is_admin=True 管轄=['FT01營運(資)', 'FT01_資']
2026-06-24 11:25:00 | INFO    | [權限查詢] 帳號=K18251 is_admin=True 管轄=['FT01營運(資)', 'FT01_資']
2026-06-24 11:29:22 | INFO    | [系統啟動] 工作管理系統後端啟動 host=127.0.0.1 port=5000
2026-06-24 11:29:24 | INFO    | [權限查詢] 帳號=K18251 is_admin=True 管轄=['FT01營運(資)', 'FT01_資']
2026-06-24 11:29:27 | INFO    | [權限查詢] 帳號=K18251 is_admin=True 管轄=['FT01營運(資)', 'FT01_資']
2026-06-24 11:29:35 | INFO    | [新增任務] id=6213802c-09c5-4eb0-930b-01f541bbea09 提案人=詹睿穎 組織=FT01營運(資) 描述=56556565656565656
2026-06-24 11:29:37 | INFO    | [權限查詢] 帳號=K18251 is_admin=True 管轄=['FT01營運(資)', 'FT01_資']
2026-06-24 11:29:40 | INFO    | [更新任務] 帳號=K18251 id=6213802c-09c5-4eb0-930b-01f541bbea09 變更欄位=[] 內容={}
2026-06-24 11:29:44 | INFO    | [權限查詢] 帳號=K18251 is_admin=True 管轄=['FT01營運(資)', 'FT01_資']
2026-06-24 11:32:59 | INFO    | [系統啟動] 工作管理系統後端啟動 host=127.0.0.1 port=5000
2026-06-24 11:33:01 | INFO    | [權限查詢] 帳號=K18251 is_admin=True 管轄=['FT01營運(資)', 'FT01_資']
2026-06-24 11:33:15 | INFO    | [系統啟動] 工作管理系統後端啟動 host=127.0.0.1 port=5000
2026-06-24 11:33:17 | INFO    | [權限查詢] 帳號=K18251 is_admin=True 管轄=['FT01營運(資)', 'FT01_資']
2026-06-24 11:33:21 | INFO    | [更新任務] 帳號=K18251 id=6213802c-09c5-4eb0-930b-01f541bbea09 變更欄位=['狀態'] 內容={'狀態': 'Done'}
2026-06-24 11:33:21 | INFO    | [Mail] 組織=FT01營運(資) key=FT01_資 管理員帳號=['K18251'] emails=['RuiYing_Chan@aseglobal.com']
2026-06-24 11:33:21 | INFO    | [Mail] ✅ 寄信成功 | 主旨=【工作管理系統】任務更新通知 — 56556565656565656 | 收件人=['RuiYing_Chan@aseglobal.com']
2026-06-24 11:33:24 | INFO    | [更新任務] 帳號=K18251 id=6213802c-09c5-4eb0-930b-01f541bbea09 變更欄位=[] 內容={}
2026-06-24 11:33:25 | INFO    | [更新任務] 帳號=K18251 id=6213802c-09c5-4eb0-930b-01f541bbea09 變更欄位=[] 內容={}
2026-06-24 11:33:28 | INFO    | [更新任務] 帳號=K18251 id=6213802c-09c5-4eb0-930b-01f541bbea09 變更欄位=['狀態'] 內容={'狀態': 'On Going'}
2026-06-24 11:33:28 | INFO    | [Mail] 組織=FT01營運(資) key=FT01_資 管理員帳號=['K18251'] emails=['RuiYing_Chan@aseglobal.com']
2026-06-24 11:33:28 | INFO    | [Mail] ✅ 寄信成功 | 主旨=【工作管理系統】任務更新通知 — 56556565656565656 | 收件人=['RuiYing_Chan@aseglobal.com']
2026-06-24 11:33:29 | INFO    | [更新任務] 帳號=K18251 id=6213802c-09c5-4eb0-930b-01f541bbea09 變更欄位=[] 內容={}
2026-06-24 11:33:29 | INFO    | [更新任務] 帳號=K18251 id=6213802c-09c5-4eb0-930b-01f541bbea09 變更欄位=[] 內容={}
2026-06-24 11:33:30 | INFO    | [更新任務] 帳號=K18251 id=6213802c-09c5-4eb0-930b-01f541bbea09 變更欄位=[] 內容={}
2026-06-24 11:35:35 | INFO    | [權限查詢] 帳號=K18251 is_admin=True 管轄=['FT01營運(資)', 'FT01_資']
2026-06-24 11:37:49 | INFO    | [系統啟動] 工作管理系統後端啟動 host=127.0.0.1 port=5000
2026-06-24 11:37:52 | INFO    | [權限查詢] 帳號=K18251 is_admin=True 管轄=['FT01營運(資)', 'FT01_資']
2026-06-24 11:37:53 | INFO    | [權限查詢] 帳號=K18251 is_admin=True 管轄=['FT01營運(資)', 'FT01_資']
2026-06-24 11:37:56 | INFO    | [更新任務] 帳號=K18251 id=6213802c-09c5-4eb0-930b-01f541bbea09 變更欄位=['狀態'] 內容={'狀態': 'Done'}
2026-06-24 11:37:56 | INFO    | [Mail] 組織=FT01營運(資) key=FT01_資 管理員帳號=['K18251'] emails=['RuiYing_Chan@aseglobal.com']
2026-06-24 11:37:56 | INFO    | [Mail] ✅ 寄信成功 | 主旨=【工作管理系統】任務更新通知 — 56556565656565656 | 收件人=['RuiYing_Chan@aseglobal.com']
2026-06-24 11:40:48 | INFO    | [更新任務] 帳號=K18251 id=6213802c-09c5-4eb0-930b-01f541bbea09 變更欄位=['狀態'] 內容={'狀態': 'On Going'}
2026-06-24 11:40:48 | INFO    | [Mail] 組織=FT01營運(資) key=FT01_資 管理員帳號=['K18251'] emails=['RuiYing_Chan@aseglobal.com']
2026-06-24 11:40:48 | INFO    | [Mail] ✅ 寄信成功 | 主旨=【工作管理系統】任務更新通知 — 56556565656565656 | 收件人=['RuiYing_Chan@aseglobal.com']
