2026-06-30 09:29:19 | INFO    | [權限查詢] 帳號=K18251 is_admin=True 管轄=['FT01營運(資)', 'FT01_資']
2026-06-30 09:29:20 | INFO    | [管理員清單] 帳號=K18251 管轄=['FT01營運(資)', 'FT01_資'] 回傳 62 筆
2026-06-30 09:29:49 | INFO    | [權限查詢] 帳號=K18251 is_admin=True 管轄=['FT01營運(資)', 'FT01_資']
2026-06-30 09:29:49 | INFO    | [管理員清單] 帳號=K18251 管轄=['FT01營運(資)', 'FT01_資'] 回傳 62 筆
2026-06-30 09:47:19 | INFO    | [權限查詢] 帳號=K18251 is_admin=True 管轄=['FT01營運(資)', 'FT01_資']
2026-06-30 09:47:19 | INFO    | [管理員清單] 帳號=K18251 管轄=['FT01營運(資)', 'FT01_資'] 回傳 62 筆
2026-06-30 09:53:22 | INFO    | [權限查詢] 帳號=K18251 is_admin=True 管轄=['FT01營運(資)', 'FT01_資']
2026-06-30 09:53:22 | INFO    | [管理員清單] 帳號=K18251 管轄=['FT01營運(資)', 'FT01_資'] 回傳 62 筆
2026-06-30 09:59:41 | INFO    | [權限查詢] 帳號=K18251 is_admin=True 管轄=['FT01營運(資)', 'FT01_資']
2026-06-30 09:59:41 | INFO    | [管理員清單] 帳號=K18251 管轄=['FT01營運(資)', 'FT01_資'] 回傳 62 筆
2026-06-30 10:02:52 | INFO    | [權限查詢] 帳號=K18251 is_admin=True 管轄=['FT01營運(資)', 'FT01_資']
2026-06-30 10:02:52 | INFO    | [管理員清單] 帳號=K18251 管轄=['FT01營運(資)', 'FT01_資'] 回傳 62 筆
2026-06-30 10:10:45 | INFO    | [權限查詢] 帳號=K18251 is_admin=True 管轄=['FT01營運(資)', 'FT01_資']
2026-06-30 10:10:45 | INFO    | [管理員清單] 帳號=K18251 管轄=['FT01營運(資)', 'FT01_資'] 回傳 62 筆
2026-06-30 10:10:49 | INFO    | [權限查詢] 帳號=K18251 is_admin=True 管轄=['FT01營運(資)', 'FT01_資']
2026-06-30 10:10:49 | INFO    | [管理員清單] 帳號=K18251 管轄=['FT01營運(資)', 'FT01_資'] 回傳 62 筆
2026-06-30 10:10:49 | INFO    | [權限查詢] 帳號=K18251 is_admin=True 管轄=['FT01營運(資)', 'FT01_資']
2026-06-30 10:10:49 | INFO    | [管理員清單] 帳號=K18251 管轄=['FT01營運(資)', 'FT01_資'] 回傳 62 筆
2026-06-30 10:10:53 | INFO    | [系統啟動] 工作管理系統後端啟動 host=127.0.0.1 port=5000
2026-06-30 10:10:54 | INFO    | [權限查詢] 帳號=K18251 is_admin=True 管轄=['FT01營運(資)', 'FT01_資']
2026-06-30 10:10:54 | INFO    | [管理員清單] 帳號=K18251 管轄=['FT01營運(資)', 'FT01_資'] 回傳 62 筆
2026-06-30 10:11:09 | INFO    | [管理員名單] 操作者=K18251 add C9228 @ FT01營運(資)
2026-06-30 10:14:05 | INFO    | [系統啟動] 工作管理系統後端啟動 host=127.0.0.1 port=5000
2026-06-30 10:14:07 | INFO    | [權限查詢] 帳號=K18251 is_admin=True 管轄=['FT01營運(資)', 'FT01_資']
2026-06-30 10:14:07 | INFO    | [管理員清單] 帳號=K18251 管轄=['FT01營運(資)', 'FT01_資'] 回傳 62 筆
2026-06-30 10:14:10 | INFO    | [管理員名單] 操作者=K18251 remove C9228 @ FT01營運(資)
2026-06-30 10:14:16 | INFO    | [管理員名單] 操作者=K18251 add C9228 @ FT01營運(資)
2026-06-30 10:14:17 | INFO    | [管理員名單] 操作者=K18251 remove C9228 @ FT01營運(資)
2026-06-30 10:14:20 | INFO    | [權限查詢] 帳號=K18251 is_admin=True 管轄=['FT01營運(資)', 'FT01_資']
2026-06-30 10:14:20 | INFO    | [管理員清單] 帳號=K18251 管轄=['FT01營運(資)', 'FT01_資'] 回傳 62 筆
2026-06-30 10:28:57 | INFO    | [權限查詢] 帳號=K18251 is_admin=True 管轄=['FT01營運(資)', 'FT01_資']
2026-06-30 10:28:57 | INFO    | [管理員清單] 帳號=K18251 管轄=['FT01營運(資)', 'FT01_資'] 回傳 62 筆
2026-06-30 11:25:32 | INFO    | [權限查詢] 帳號=K18251 is_admin=True 管轄=['FT01營運(資)', 'FT01_資']
2026-06-30 11:25:32 | INFO    | [管理員清單] 帳號=K18251 管轄=['FT01營運(資)', 'FT01_資'] 回傳 62 筆
2026-06-30 11:25:35 | INFO    | [系統啟動] 工作管理系統後端啟動 host=127.0.0.1 port=5000
2026-06-30 11:25:38 | INFO    | [權限查詢] 帳號=K18251 is_admin=True 管轄=['FT01營運(資)', 'FT01_資']
2026-06-30 11:25:43 | INFO    | [權限查詢] 帳號=K18251 is_admin=True 管轄=['FT01營運(資)', 'FT01_資']
2026-06-30 11:25:51 | INFO    | [更新任務] 帳號=K18251 id=26cc80e8-1111-4cef-96de-f20783682594 變更欄位=['狀態', 'Done_Day'] 內容={'狀態': 'Done', 'Done_Day': '2026-06-30'}
2026-06-30 11:25:51 | INFO    | [Mail] 組織=FT01營運(資) key=FT01_資 管理員帳號=['K18251', 'F9358'] emails=['RuiYing_Chan@aseglobal.com', 'Boyu_Chiu@aseglobal.com']
2026-06-30 11:25:51 | INFO    | [Mail] ✅ 寄信成功 | 主旨=【工作管理系統】任務更新通知 — 工作管理介面(管理 - 甘特圖)  | 收件人=['RuiYing_Chan@aseglobal.com', 'Boyu_Chiu@aseglobal.com']
2026-06-30 11:25:53 | INFO    | [權限查詢] 帳號=K18251 is_admin=True 管轄=['FT01營運(資)', 'FT01_資']
2026-06-30 11:25:56 | INFO    | [權限查詢] 帳號=K18251 is_admin=True 管轄=['FT01營運(資)', 'FT01_資']
2026-06-30 11:26:17 | INFO    | [權限查詢] 帳號=K18251 is_admin=True 管轄=['FT01營運(資)', 'FT01_資']
2026-06-30 11:26:17 | INFO    | [管理員清單] 帳號=K18251 管轄=['FT01營運(資)', 'FT01_資'] 回傳 62 筆
2026-06-30 11:47:43 | INFO    | [權限查詢] 帳號=K18251 is_admin=True 管轄=['FT01營運(資)', 'FT01_資']
2026-06-30 11:47:43 | INFO    | [管理員清單] 帳號=K18251 管轄=['FT01營運(資)', 'FT01_資'] 回傳 62 筆
2026-06-30 11:50:02 | INFO    | [權限查詢] 帳號=K18251 is_admin=True 管轄=['FT01營運(資)', 'FT01_資']
2026-06-30 11:50:02 | INFO    | [管理員清單] 帳號=K18251 管轄=['FT01營運(資)', 'FT01_資'] 回傳 62 筆
2026-06-30 11:50:23 | INFO    | [權限查詢] 帳號=K18251 is_admin=True 管轄=['FT01營運(資)', 'FT01_資']
2026-06-30 11:50:32 | INFO    | [權限查詢] 帳號=K18251 is_admin=True 管轄=['FT01營運(資)', 'FT01_資']
2026-06-30 11:50:32 | INFO    | [管理員清單] 帳號=K18251 管轄=['FT01營運(資)', 'FT01_資'] 回傳 62 筆
2026-06-30 11:50:36 | INFO    | [權限查詢] 帳號=K18251 is_admin=True 管轄=['FT01營運(資)', 'FT01_資']
2026-06-30 11:50:38 | INFO    | [權限查詢] 帳號=K18251 is_admin=True 管轄=['FT01營運(資)', 'FT01_資']
2026-06-30 11:50:38 | INFO    | [管理員清單] 帳號=K18251 管轄=['FT01營運(資)', 'FT01_資'] 回傳 62 筆
2026-06-30 11:50:41 | INFO    | [權限查詢] 帳號=K18251 is_admin=True 管轄=['FT01營運(資)', 'FT01_資']
2026-06-30 11:50:43 | INFO    | [權限查詢] 帳號=K18251 is_admin=True 管轄=['FT01營運(資)', 'FT01_資']
2026-06-30 11:50:43 | INFO    | [管理員清單] 帳號=K18251 管轄=['FT01營運(資)', 'FT01_資'] 回傳 62 筆
2026-06-30 11:55:56 | INFO    | [權限查詢] 帳號=K18251 is_admin=True 管轄=['FT01營運(資)', 'FT01_資']
2026-06-30 11:55:56 | INFO    | [管理員清單] 帳號=K18251 管轄=['FT01營運(資)', 'FT01_資'] 回傳 62 筆
2026-06-30 16:15:26 | INFO    | [權限查詢] 帳號=K18251 is_admin=True 管轄=['FT01營運(資)', 'FT01_資']
2026-06-30 16:15:26 | INFO    | [管理員清單] 帳號=K18251 管轄=['FT01營運(資)', 'FT01_資'] 回傳 62 筆
2026-06-30 16:15:40 | INFO    | [權限查詢] 帳號=K18251 is_admin=True 管轄=['FT01營運(資)', 'FT01_資']
2026-06-30 16:15:40 | INFO    | [管理員清單] 帳號=K18251 管轄=['FT01營運(資)', 'FT01_資'] 回傳 62 筆
2026-06-30 16:16:15 | INFO    | [權限查詢] 帳號=K18251 is_admin=True 管轄=['FT01營運(資)', 'FT01_資']
2026-06-30 16:16:15 | INFO    | [管理員清單] 帳號=K18251 管轄=['FT01營運(資)', 'FT01_資'] 回傳 62 筆
2026-06-30 16:16:29 | INFO    | [權限查詢] 帳號=K18251 is_admin=True 管轄=['FT01營運(資)', 'FT01_資']
2026-06-30 16:16:29 | INFO    | [管理員清單] 帳號=K18251 管轄=['FT01營運(資)', 'FT01_資'] 回傳 62 筆
2026-06-30 16:16:52 | INFO    | [權限查詢] 帳號=K18251 is_admin=True 管轄=['FT01營運(資)', 'FT01_資']
2026-06-30 16:16:52 | INFO    | [管理員清單] 帳號=K18251 管轄=['FT01營運(資)', 'FT01_資'] 回傳 62 筆
2026-06-30 16:18:57 | INFO    | [權限查詢] 帳號=K18251 is_admin=True 管轄=['FT01營運(資)', 'FT01_資']
2026-06-30 16:18:57 | INFO    | [管理員清單] 帳號=K18251 管轄=['FT01營運(資)', 'FT01_資'] 回傳 62 筆
2026-06-30 16:22:49 | INFO    | [權限查詢] 帳號=K18251 is_admin=True 管轄=['FT01營運(資)', 'FT01_資']
2026-06-30 16:22:49 | INFO    | [管理員清單] 帳號=K18251 管轄=['FT01營運(資)', 'FT01_資'] 回傳 62 筆
2026-06-30 16:28:11 | INFO    | [權限查詢] 帳號=K18251 is_admin=True 管轄=['FT01營運(資)', 'FT01_資']
2026-06-30 16:28:11 | INFO    | [管理員清單] 帳號=K18251 管轄=['FT01營運(資)', 'FT01_資'] 回傳 62 筆
2026-06-30 16:29:31 | INFO    | [權限查詢] 帳號=K18251 is_admin=True 管轄=['FT01營運(資)', 'FT01_資']
2026-06-30 16:32:07 | INFO    | [權限查詢] 帳號=K18251 is_admin=True 管轄=['FT01營運(資)', 'FT01_資']
2026-06-30 16:32:07 | INFO    | [管理員清單] 帳號=K18251 管轄=['FT01營運(資)', 'FT01_資'] 回傳 62 筆
2026-06-30 16:37:22 | INFO    | [權限查詢] 帳號=K18251 is_admin=True 管轄=['FT01營運(資)', 'FT01_資']
2026-06-30 16:37:22 | INFO    | [管理員清單] 帳號=K18251 管轄=['FT01營運(資)', 'FT01_資'] 回傳 62 筆
2026-06-30 16:50:09 | INFO    | [權限查詢] 帳號=K18251 is_admin=True 管轄=['FT01營運(資)', 'FT01_資']
2026-06-30 16:50:09 | INFO    | [管理員清單] 帳號=K18251 管轄=['FT01營運(資)', 'FT01_資'] 回傳 62 筆
2026-06-30 16:50:33 | INFO    | [權限查詢] 帳號=K18251 is_admin=True 管轄=['FT01營運(資)', 'FT01_資']
2026-06-30 16:50:43 | INFO    | [權限查詢] 帳號=K18251 is_admin=True 管轄=['FT01營運(資)', 'FT01_資']
2026-06-30 16:50:43 | INFO    | [管理員清單] 帳號=K18251 管轄=['FT01營運(資)', 'FT01_資'] 回傳 62 筆
2026-06-30 16:50:45 | INFO    | [權限查詢] 帳號=K18251 is_admin=True 管轄=['FT01營運(資)', 'FT01_資']
2026-06-30 16:50:45 | INFO    | [管理員清單] 帳號=K18251 管轄=['FT01營運(資)', 'FT01_資'] 回傳 62 筆
2026-06-30 16:50:47 | INFO    | [權限查詢] 帳號=K18251 is_admin=True 管轄=['FT01營運(資)', 'FT01_資']
2026-06-30 16:50:50 | INFO    | [權限查詢] 帳號=K18251 is_admin=True 管轄=['FT01營運(資)', 'FT01_資']
2026-06-30 16:50:50 | INFO    | [管理員清單] 帳號=K18251 管轄=['FT01營運(資)', 'FT01_資'] 回傳 62 筆
2026-06-30 16:50:57 | INFO    | [權限查詢] 帳號=K18251 is_admin=True 管轄=['FT01營運(資)', 'FT01_資']
2026-06-30 16:51:01 | INFO    | [權限查詢] 帳號=K18251 is_admin=True 管轄=['FT01營運(資)', 'FT01_資']
2026-06-30 16:51:01 | INFO    | [管理員清單] 帳號=K18251 管轄=['FT01營運(資)', 'FT01_資'] 回傳 62 筆
2026-06-30 16:51:04 | INFO    | [權限查詢] 帳號=K18251 is_admin=True 管轄=['FT01營運(資)', 'FT01_資']
2026-06-30 16:54:51 | INFO    | [權限查詢] 帳號=K18251 is_admin=True 管轄=['FT01營運(資)', 'FT01_資']
2026-06-30 16:55:00 | INFO    | [更新任務] 帳號=K18251 id=59cb8777-9ff2-49a3-a5a2-d456ad672186 變更欄位=['Done_Day'] 內容={'Done_Day': '2026-06-30'}
2026-06-30 16:55:01 | INFO    | [權限查詢] 帳號=K18251 is_admin=True 管轄=['FT01營運(資)', 'FT01_資']
2026-06-30 16:55:01 | INFO    | [管理員清單] 帳號=K18251 管轄=['FT01營運(資)', 'FT01_資'] 回傳 62 筆
